
## INPUT: ##
/**
 * ---
 * title: My Title
 * something-else: My Metadata
 * some-structure:
 * some-subpath: yes
 * some-list:
 * - first
 * - second
 * - third
 * ---
 */

## OUTPUT.markdown: ##

## OUTPUT.frontmatter: ##
null
