
## INPUT: ##
// ---
// title: "My Library"
// ---

/**
 * I just think it's neat.
 */
export const something: string;

## OUTPUT.markdown: ##
# something (exported string)

I just think it's neat.

```ts
const something: string;
```

## OUTPUT.frontmatter: ##
null
