
## INPUT: ##
/**
 * Clear the contents and scrollback buffer of the tty by printing special characters into stdout.
 */
declare function clear(): void;

interface Console {
  /** Same as {@link clear}(). */
  clear: typeof clear;
}

## OUTPUT.markdown: ##
# clear (function)

Clear the contents and scrollback buffer of the tty by printing special characters into stdout.

```ts
declare function clear(): void;
```

## OUTPUT.frontmatter: ##
null
