
## INPUT: ##
/**
 * Removes the final component from a path string.
 *
 * Provides the same functionality as the unix binary of the same name.
 */
declare function dirname(path: string | Path): Path;

## OUTPUT.markdown: ##
# dirname (function)

Removes the final component from a path string.

Provides the same functionality as the unix binary of the same name.

```ts
declare function dirname(path: string | Path): Path;
```

## OUTPUT.frontmatter: ##
null
## OUTPUT.warnings: ##
[]
