
## INPUT: ##
/**
 * Returns the contents of a directory, as absolute paths. `.` and `..` are
 * omitted.
 */
declare function ls(dir?: string | Path): Array<Path>;

## OUTPUT.markdown: ##
# ls (function)

Returns the contents of a directory, as absolute paths. `.` and `..` are
omitted.

```ts
declare function ls(dir?: string | Path): Array<Path>;
```

## OUTPUT.frontmatter: ##
null
