
## INPUT: ##
declare const std: typeof import("quickjs:std");
declare const os: typeof import("quickjs:os");

// undocumented from quickjs, but it's there
/** Get the current unix timestamp with microsecond precision. */
declare function __date_clock(): number;

## OUTPUT.markdown: ##
# std (value)

```ts
const std: typeof import("quickjs:std");
```

# os (value)

```ts
const os: typeof import("quickjs:os");
```

# \_\_date_clock (function)

Get the current unix timestamp with microsecond precision.

```ts
declare function __date_clock(): number;
```

## OUTPUT.frontmatter: ##
null
