
## INPUT: ##
/**
 * Return the last component of a path string.
 *
 * Provides the same functionality as the unix binary of the same name.
 */
export function basename(path: string | Path): string;

## OUTPUT.markdown: ##
# basename (exported function)

Return the last component of a path string.

Provides the same functionality as the unix binary of the same name.

```ts
function basename(path: string | Path): string;
```

## OUTPUT.frontmatter: ##
null
## OUTPUT.warnings: ##
[]
