
## INPUT: ##
/**
 * Print one or more values to stdout.
 */
export const echo: typeof console.log;

## OUTPUT.markdown: ##
# echo (exported value)

Print one or more values to stdout.

```ts
const echo: typeof console.log;
```

## OUTPUT.frontmatter: ##
null
## OUTPUT.warnings: ##
[]
