
## INPUT: ##
/**
 * Returns the file extension of the file at a given path.
 *
 * If the file has no extension (eg `Makefile`, etc), then `''` will be returned.
 *
 * Pass `{ full: true }` to get compound extensions, eg `.d.ts` or `.test.js` instead of just `.ts`/`.js`.
 */
export function extname(
  pathOrFilename: string | Path,
  options?: { full?: boolean }
): string;

## OUTPUT.markdown: ##
# extname (exported function)

Returns the file extension of the file at a given path.

If the file has no extension (eg `Makefile`, etc), then `''` will be returned.

Pass `{ full: true }` to get compound extensions, eg `.d.ts` or `.test.js` instead of just `.ts`/`.js`.

```ts
function extname(
  pathOrFilename: string | Path,
  options?: {
    full?: boolean;
  },
): string;
```

## OUTPUT.frontmatter: ##
null
## OUTPUT.warnings: ##
[]
