
## INPUT: ##
interface InteractivePrompt {
  prompt?: () => string;
  printInput?: (input: string) => void;
  historyFileName?: string;
  getCompletions?: (
    line: string,
    pos: number
  ) => {
    // TODO refactor these to have better key names
    tab: Array<string>;
    pos: number;
    ctx: { [key: string | number | symbol]: any };
  };

  handleInput: (input: string) => void;
  start(): void;
}

interface InteractivePromptConstructor {
  new (
    handleInput: (input: string) => void,
    options?: {
      prompt?: () => string;
      printInput?: (input: string) => void;
      historyFileName?: string;
      getCompletions?: (
        line: string,
        pos: number
      ) => {
        // TODO refactor these to have better key names
        tab: Array<string>;
        pos: number;
        ctx: { [key: string | number | symbol]: any };
      };
    }
  ): InteractivePrompt;

  prototype: InteractivePrompt;
}

/** wip experimental use at your own risk */
export var InteractivePrompt: InteractivePromptConstructor;

## OUTPUT.markdown: ##
# InteractivePrompt (exported InteractivePromptConstructor)

wip experimental use at your own risk

```ts
var InteractivePrompt: InteractivePromptConstructor;
```

## OUTPUT.frontmatter: ##
null
