
## INPUT: ##
interface RegExpConstructor {
  /** See https://github.com/tc39/proposal-regex-escaping */
  escape(str: any): string;
}

## OUTPUT.markdown: ##

## OUTPUT.frontmatter: ##
null
## OUTPUT.warnings: ##
[]
