
## INPUT: ##
export var TOML: {
  /**
   * Parse a TOML document (`data`) into an object.
   */
  parse(data: string): { [key: string]: any };
  /**
   * Convert an object into a TOML document.
   */
  stringify(data: { [key: string]: any }): string;
};

## OUTPUT.markdown: ##
# TOML (exported object)

```ts
var TOML: {
  parse(data: string): {
    [key: string]: any;
  };
  stringify(data: { [key: string]: any }): string;
};
```

## TOML.parse (method)

Parse a TOML document (`data`) into an object.

```ts
parse(data: string): {
  [key: string]: any;
};
```

## TOML.stringify (method)

Convert an object into a TOML document.

```ts
stringify(data: {
  [key: string]: any;
}): string;
```

## OUTPUT.frontmatter: ##
null
## OUTPUT.warnings: ##
[]
