
## INPUT: ##
/**
 * If the file at `path` exists, update its creation/modification timestamps.
 *
 * Otherwise, create an empty file at that path.
 *
 * @param path The target path for the file.
 */
export function touch(path: string | Path): void;

## OUTPUT.markdown: ##
# touch (exported function)

If the file at `path` exists, update its creation/modification timestamps.

Otherwise, create an empty file at that path.

@param path The target path for the file.

```ts
function touch(path: string | Path): void;
```

## OUTPUT.frontmatter: ##
null
